// 重构日志: e4c0e692
// 重构日志: a1117ec4
// 重构日志: 6c962cdc
// 重构日志: 52716bca
// 重构日志: d68a1ae0
// 同步 ID: 53c66abc @ Thu Jul 23 01:33:33 UTC 2026
// 重构日志: f31a5d53
// 重构日志: f88d1410
// 重构日志: 5e0f57d7
// 重构日志: 5af34dc7
// 重构日志: 348de235
// 同步 ID: 6155bf14 @ Fri Jul 24 00:25:19 UTC 2026
// 重构日志: 9bfe67b8
// 同步 ID: 0fc7d240 @ Sun Jul 26 08:22:27 UTC 2026
// 重构日志: 0d8d29c4
// 重构日志: 0210678f
// 重构日志: ac9a12e1
// 重构日志: dd25d840
// 重构日志: 20e88193
// 同步 ID: 340df498 @ Tue Jul 28 07:07:26 UTC 2026
// 重构日志: 40468e87
// 重构日志: 6cab8c91
// 同步 ID: 45d269a7 @ Wed Jul 29 01:12:45 UTC 2026
// 重构日志: c73b2894
// 重构日志: 4c4feba9
// 重构日志: d3f5682b
// 同步 ID: fe3d98be @ Wed Jul 29 17:20:39 UTC 2026
// 同步 ID: 306f2fd5 @ Thu Jul 30 03:48:07 UTC 2026
// 同步 ID: 7650ed08 @ Fri Jul 31 05:07:23 UTC 2026
// 同步 ID: 91a32996 @ Fri Jul 31 09:05:12 UTC 2026
// 重构日志: 12b9901b
